src/pages/Produtos.tsx(103,11): error TS6133: '_handleCreate' is declared but its value is never read.
src/pages/Produtos.tsx(146,11): error TS6133: '_handleUpdate' is declared but its value is never read.
src/pages/Produtos.tsx(185,11): error TS6133: '_editMargem' is declared but its value is never read.
src/pages/Produtos.tsx(186,11): error TS6133: '_newMargem' is declared but its value is never read.
src/services/__tests__/mappers.spec.ts(26,44): error TS2345: Argument of type '{ id: string; nome: string; telefone: string; origem: string; status: string; tipo: string; indicado_por_id: null; criado_em: string; atualizado_em: string; bairro: string; cep: string; endereco: string; latitude: number; longitude: number; observacao: string; }' is not assignable to parameter of type 'ContatoRowWithIndicador'.
  Type '{ id: string; nome: string; telefone: string; origem: string; status: string; tipo: string; indicado_por_id: null; criado_em: string; atualizado_em: string; bairro: string; cep: string; endereco: string; latitude: number; longitude: number; observacao: string; }' is missing the following properties from type '{ apelido: string | null; atualizado_em: string; bairro: string | null; cep: string | null; cidade: string | null; complemento: string | null; criado_em: string; endereco: string | null; ... 14 more ...; ultimo_contato: string | null; }': apelido, cidade, complemento, logradouro, and 5 more.
src/services/__tests__/mappers.spec.ts(43,44): error TS2345: Argument of type '{ id: string; nome: string; }' is not assignable to parameter of type 'ContatoRowWithIndicador'.
  Type '{ id: string; nome: string; }' is missing the following properties from type '{ apelido: string | null; atualizado_em: string; bairro: string | null; cep: string | null; cidade: string | null; complemento: string | null; criado_em: string; endereco: string | null; ... 14 more ...; ultimo_contato: string | null; }': apelido, atualizado_em, bairro, cep, and 17 more.
src/services/__tests__/mappers.spec.ts(69,44): error TS2345: Argument of type '{ id: string; nome: string; codigo: string; preco: string; unidade: string; ativo: boolean; custo: string; estoque_atual: string; estoque_minimo: string; }' is not assignable to parameter of type 'ProdutoRowWithImages'.
  Type '{ id: string; nome: string; codigo: string; preco: string; unidade: string; ativo: boolean; custo: string; estoque_atual: string; estoque_minimo: string; }' is missing the following properties from type '{ apelido: string | null; ativo: boolean; atualizado_em: string; categoria: string | null; codigo: string; criado_em: string; custo: number; descricao: string | null; destaque: boolean | null; ... 7 more ...; unidade: string; }': apelido, atualizado_em, categoria, criado_em, and 4 more.
src/services/__tests__/mappers.spec.ts(88,44): error TS2345: Argument of type '{ id: string; nome: string; codigo: string; preco: number; }' is not assignable to parameter of type 'ProdutoRowWithImages'.
  Type '{ id: string; nome: string; codigo: string; preco: number; }' is missing the following properties from type '{ apelido: string | null; ativo: boolean; atualizado_em: string; categoria: string | null; codigo: string; criado_em: string; custo: number; descricao: string | null; destaque: boolean | null; ... 7 more ...; unidade: string; }': apelido, ativo, atualizado_em, categoria, and 9 more.
src/services/__tests__/mappers.spec.ts(107,46): error TS2345: Argument of type '{ id: string; produto_id: string; quantidade: string; preco_unitario: string; subtotal: string; }' is not assignable to parameter of type 'ItemVendaRowWithProduto'.
  Type '{ id: string; produto_id: string; quantidade: string; preco_unitario: string; subtotal: string; }' is missing the following properties from type '{ custo_unitario: number | null; id: string; preco_unitario: number; produto_id: string; quantidade: number; subtotal: number; venda_id: string; }': custo_unitario, venda_id
src/services/__tests__/mappers.spec.ts(175,42): error TS2345: Argument of type 'VendaComItens' is not assignable to parameter of type 'VendaRowWithRelations'.
  Type 'VendaComItens' is not assignable to type '{ contato?: { apelido: string | null; atualizado_em: string; bairro: string | null; cep: string | null; cidade: string | null; complemento: string | null; criado_em: string; endereco: string | null; ... 14 more ...; ultimo_contato: string | null; } | null | undefined; itens?: { ...; }[] | undefined; pagamentos?: { ....'.
    Types of property 'contato' are incompatible.
      Type '{ id: string; nome: string; telefone: string; origem: string; indicado_por_id?: string | null | undefined; indicador?: { id: string; nome: string; } | null | undefined; status: string; } | undefined' is not assignable to type '{ apelido: string | null; atualizado_em: string; bairro: string | null; cep: string | null; cidade: string | null; complemento: string | null; criado_em: string; endereco: string | null; ... 14 more ...; ultimo_contato: string | null; } | null | undefined'.
        Type '{ id: string; nome: string; telefone: string; origem: string; indicado_por_id?: string | null | undefined; indicador?: { id: string; nome: string; } | null | undefined; status: string; }' is missing the following properties from type '{ apelido: string | null; atualizado_em: string; bairro: string | null; cep: string | null; cidade: string | null; complemento: string | null; criado_em: string; endereco: string | null; ... 14 more ...; ultimo_contato: string | null; }': apelido, atualizado_em, bairro, cep, and 13 more.
src/services/__tests__/mappers.spec.ts(197,42): error TS2345: Argument of type 'VendaComItens' is not assignable to parameter of type 'VendaRowWithRelations'.
  Type 'VendaComItens' is not assignable to type '{ contato?: { apelido: string | null; atualizado_em: string; bairro: string | null; cep: string | null; cidade: string | null; complemento: string | null; criado_em: string; endereco: string | null; ... 14 more ...; ultimo_contato: string | null; } | null | undefined; itens?: { ...; }[] | undefined; pagamentos?: { ....'.
    Types of property 'contato' are incompatible.
      Type '{ id: string; nome: string; telefone: string; origem: string; indicado_por_id?: string | null | undefined; indicador?: { id: string; nome: string; } | null | undefined; status: string; } | undefined' is not assignable to type '{ apelido: string | null; atualizado_em: string; bairro: string | null; cep: string | null; cidade: string | null; complemento: string | null; criado_em: string; endereco: string | null; ... 14 more ...; ultimo_contato: string | null; } | null | undefined'.
        Type '{ id: string; nome: string; telefone: string; origem: string; indicado_por_id?: string | null | undefined; indicador?: { id: string; nome: string; } | null | undefined; status: string; }' is missing the following properties from type '{ apelido: string | null; atualizado_em: string; bairro: string | null; cep: string | null; cidade: string | null; complemento: string | null; criado_em: string; endereco: string | null; ... 14 more ...; ultimo_contato: string | null; }': apelido, atualizado_em, bairro, cep, and 13 more.
src/services/mappers.ts(74,26): error TS2339: Property 'email' does not exist on type 'ContatoRowWithIndicador'.
src/services/mappers.ts(76,9): error TS2322: Type 'string' is not assignable to type '"direto" | "indicacao" | "catalogo"'.
src/services/mappers.ts(77,9): error TS2322: Type 'string' is not assignable to type '"cliente" | "lead" | "inativo" | "fornecedor"'.
src/services/mappers.ts(78,9): error TS2322: Type 'string' is not assignable to type '"B2B" | "B2C" | "FORNECEDOR"'.
src/services/mappers.ts(138,9): error TS2322: Type 'string' is not assignable to type 'PagamentoStatus'.
src/services/mappers.ts(190,9): error TS2322: Type 'string | null' is not assignable to type 'string'.
  Type 'null' is not assignable to type 'string'.
src/services/purchaseOrderService.ts(21,33): error TS2345: Argument of type '(dbOrder: PurchaseOrderRowWithRelations) => DomainPurchaseOrderWithItems' is not assignable to parameter of type '(value: { amount_paid: number | null; created_at: string | null; data_recebimento: string | null; fornecedor_id: string; id: string; notes: string | null; order_date: string; payment_status: "paid" | ... 1 more ... | "unpaid"; ... 5 more ...; payments: { ...; }[]; }, index: number, array: { ...; }[]) => DomainPurcha...'.
  Types of parameters 'dbOrder' and 'value' are incompatible.
    Type '{ amount_paid: number | null; created_at: string | null; data_recebimento: string | null; fornecedor_id: string; id: string; notes: string | null; order_date: string; payment_status: "paid" | ... 1 more ... | "unpaid"; ... 5 more ...; payments: { ...; }[]; }' is not assignable to type 'PurchaseOrderRowWithRelations'.
      Type '{ amount_paid: number | null; created_at: string | null; data_recebimento: string | null; fornecedor_id: string; id: string; notes: string | null; order_date: string; payment_status: "paid" | ... 1 more ... | "unpaid"; ... 5 more ...; payments: { ...; }[]; }' is not assignable to type '{ fornecedor?: { id: string; nome: string; } | null | undefined; }'.
        Types of property 'fornecedor' are incompatible.
          Property 'id' is missing in type '{ nome: string; }' but required in type '{ id: string; nome: string; }'.
src/services/purchaseOrderService.ts(42,47): error TS2345: Argument of type '{ amount_paid: number | null; created_at: string | null; data_recebimento: string | null; fornecedor_id: string; id: string; notes: string | null; order_date: string; payment_status: "paid" | ... 1 more ... | "unpaid"; ... 5 more ...; payments: { ...; }[]; }' is not assignable to parameter of type 'PurchaseOrderRowWithRelations'.
  Type '{ amount_paid: number | null; created_at: string | null; data_recebimento: string | null; fornecedor_id: string; id: string; notes: string | null; order_date: string; payment_status: "paid" | ... 1 more ... | "unpaid"; ... 5 more ...; payments: { ...; }[]; }' is not assignable to type '{ fornecedor?: { id: string; nome: string; } | null | undefined; }'.
    Types of property 'fornecedor' are incompatible.
      Property 'id' is missing in type '{ nome: string; }' but required in type '{ id: string; nome: string; }'.
vite.config.ts(56,3): error TS2769: No overload matches this call.
  The last overload gave the following error.
    Object literal may only specify known properties, and 'test' does not exist in type 'UserConfigExport'.
